2026-03-09 03:33:47 | Args: {'para_train': 'data/quora-train.csv', 'para_dev': 'data/quora-dev.csv', 'para_test': 'data/quora-test-student.csv', 'paws_train': 'data/paws-train.csv', 'para_dev_out': 'predictions/para-dev-gpt2-10-1e-05-nopaws-cptinit.csv', 'para_test_out': 'predictions/para-test-gpt2-10-1e-05-nopaws-cptinit.csv', 'seed': 11711, 'epochs': 10, 'resume_from': None, 'resume_epoch': None, 'init_gpt_from': 'gpt2-paws-cpt-all-5e-1e-05-bs24.pt', 'use_gpu': True, 'test_only': False, 'use_paws': False, 'paws_mix_ratio': 0.3, 'paws_max_samples': None, 'paws_seed': 11711, 'batch_size': 16, 'lr': 1e-05, 'model_size': 'gpt2', 'lora_mode': 'none', 'lora_r': 8, 'lora_alpha': None, 'd': 768, 'l': 12, 'num_heads': 12, 'filepath': 'gpt2-10-1e-05-nopaws-cptinit-paraphrase.pt'}
2026-03-09 03:34:04 | Initialized GPT backbone from gpt2-paws-cpt-all-5e-1e-05-bs24.pt; missing_keys=0, unexpected_keys=0
2026-03-09 03:34:04 | Model params: trainable=125,031,938, total=125,031,938
2026-03-09 04:11:00 | Epoch 0: train loss :: 0.355, dev acc :: 0.871, dev f1 :: 0.862, best dev acc :: 0.871 [saved]
2026-03-09 04:48:05 | Epoch 1: train loss :: 0.271, dev acc :: 0.875, dev f1 :: 0.870, best dev acc :: 0.875 [saved]
2026-03-09 05:25:13 | Epoch 2: train loss :: 0.225, dev acc :: 0.888, dev f1 :: 0.881, best dev acc :: 0.888 [saved]
2026-03-09 06:02:22 | Epoch 3: train loss :: 0.187, dev acc :: 0.889, dev f1 :: 0.883, best dev acc :: 0.889 [saved]
2026-03-09 06:39:33 | Epoch 4: train loss :: 0.154, dev acc :: 0.893, dev f1 :: 0.887, best dev acc :: 0.893 [saved]
2026-03-09 07:16:41 | Epoch 5: train loss :: 0.127, dev acc :: 0.898, dev f1 :: 0.892, best dev acc :: 0.898 [saved]
2026-03-09 07:53:43 | Epoch 6: train loss :: 0.105, dev acc :: 0.895, dev f1 :: 0.889, best dev acc :: 0.898
2026-03-09 08:30:42 | Epoch 7: train loss :: 0.087, dev acc :: 0.895, dev f1 :: 0.889, best dev acc :: 0.898
2026-03-09 09:07:38 | Epoch 8: train loss :: 0.073, dev acc :: 0.895, dev f1 :: 0.888, best dev acc :: 0.898
2026-03-09 09:44:34 | Epoch 9: train loss :: 0.062, dev acc :: 0.896, dev f1 :: 0.890, best dev acc :: 0.898
2026-03-09 09:44:38 | [Test] Loaded model from gpt2-10-1e-05-nopaws-cptinit-paraphrase.pt
2026-03-09 09:44:38 | [Test] Model: gpt2, lora_mode=none, lora_r=8, lr=1e-05, epochs=10, batch_size=16
2026-03-09 09:44:38 | [Test] Params: trainable=125,031,938, total=125,031,938
2026-03-09 09:47:35 | [Test] Dev — acc: 0.898, f1: 0.892, loss: 0.282
2026-03-09 09:50:28 | [Test] Predictions saved to predictions/para-dev-gpt2-10-1e-05-nopaws-cptinit.csv and predictions/para-test-gpt2-10-1e-05-nopaws-cptinit.csv
2026-03-09 23:34:59 | Args: {'para_train': 'data/quora-train.csv', 'para_dev': 'data/quora-dev.csv', 'para_test': 'data/quora-test-student.csv', 'paws_train': 'data/paws-train.csv', 'para_dev_out': 'predictions/para-dev-gpt2-10-1e-05-nopaws-cptinit.csv', 'para_test_out': 'predictions/para-test-gpt2-10-1e-05-nopaws-cptinit.csv', 'seed': 11711, 'epochs': 10, 'resume_from': None, 'resume_epoch': None, 'init_gpt_from': 'gpt2-paws-cpt-all-10e-5e-06-bs24.pt', 'use_gpu': True, 'test_only': False, 'use_paws': False, 'paws_mix_ratio': 0.3, 'paws_max_samples': None, 'paws_seed': 11711, 'batch_size': 16, 'lr': 1e-05, 'model_size': 'gpt2', 'lora_mode': 'none', 'lora_r': 8, 'lora_alpha': None, 'd': 768, 'l': 12, 'num_heads': 12, 'filepath': 'gpt2-10-1e-05-nopaws-cptinit-paraphrase.pt'}
2026-03-09 23:35:06 | Initialized GPT backbone from gpt2-paws-cpt-all-10e-5e-06-bs24.pt; missing_keys=0, unexpected_keys=0
2026-03-09 23:35:06 | Model params: trainable=125,031,938, total=125,031,938
2026-03-10 00:11:51 | Epoch 0: train loss :: 0.358, dev acc :: 0.869, dev f1 :: 0.861, best dev acc :: 0.869 [saved]
2026-03-10 00:48:41 | Epoch 1: train loss :: 0.271, dev acc :: 0.874, dev f1 :: 0.869, best dev acc :: 0.874 [saved]
2026-03-10 01:25:34 | Epoch 2: train loss :: 0.224, dev acc :: 0.889, dev f1 :: 0.882, best dev acc :: 0.889 [saved]
2026-03-10 02:02:16 | Epoch 3: train loss :: 0.185, dev acc :: 0.887, dev f1 :: 0.882, best dev acc :: 0.889
2026-03-10 02:39:10 | Epoch 4: train loss :: 0.152, dev acc :: 0.892, dev f1 :: 0.886, best dev acc :: 0.892 [saved]
2026-03-10 03:16:03 | Epoch 5: train loss :: 0.125, dev acc :: 0.893, dev f1 :: 0.887, best dev acc :: 0.893 [saved]
2026-03-10 03:52:57 | Epoch 6: train loss :: 0.102, dev acc :: 0.895, dev f1 :: 0.889, best dev acc :: 0.895 [saved]
2026-03-10 04:29:39 | Epoch 7: train loss :: 0.086, dev acc :: 0.894, dev f1 :: 0.888, best dev acc :: 0.895
2026-03-10 05:14:32 | Args: {'para_train': 'data/quora-train.csv', 'para_dev': 'data/quora-dev.csv', 'para_test': 'data/quora-test-student.csv', 'paws_train': 'data/paws-train.csv', 'para_dev_out': 'predictions/para-dev-gpt2-10-1e-05-nopaws-cptinit.csv', 'para_test_out': 'predictions/para-test-gpt2-10-1e-05-nopaws-cptinit.csv', 'seed': 11711, 'epochs': 10, 'resume_from': 'gpt2-10-1e-05-nopaws-cptinit-paraphrase.pt', 'resume_epoch': None, 'init_gpt_from': 'gpt2-paws-cpt-all-10e-5e-06-bs24.pt', 'use_gpu': True, 'test_only': False, 'use_paws': False, 'paws_mix_ratio': 0.3, 'paws_max_samples': None, 'paws_seed': 11711, 'batch_size': 16, 'lr': 1e-05, 'model_size': 'gpt2', 'lora_mode': 'none', 'lora_r': 8, 'lora_alpha': None, 'd': 768, 'l': 12, 'num_heads': 12, 'filepath': 'gpt2-10-1e-05-nopaws-cptinit-paraphrase.pt'}
2026-03-10 05:14:40 | Both --resume_from and --init_gpt_from were set; ignoring --init_gpt_from.
2026-03-10 05:14:40 | Model params: trainable=125,031,938, total=125,031,938
2026-03-10 05:14:40 | Resuming training from gpt2-10-1e-05-nopaws-cptinit-paraphrase.pt
2026-03-10 05:14:49 | Resume state: start_epoch=7, best_dev_acc=0.895
2026-03-10 05:51:21 | Epoch 7: train loss :: 0.069, dev acc :: 0.895, dev f1 :: 0.887, best dev acc :: 0.895 [saved]
2026-03-10 06:27:41 | Epoch 8: train loss :: 0.048, dev acc :: 0.894, dev f1 :: 0.887, best dev acc :: 0.895
2026-03-10 07:04:14 | Epoch 9: train loss :: 0.036, dev acc :: 0.895, dev f1 :: 0.888, best dev acc :: 0.895 [saved]
2026-03-10 07:04:17 | [Test] Loaded model from gpt2-10-1e-05-nopaws-cptinit-paraphrase.pt
2026-03-10 07:04:17 | [Test] Model: gpt2, lora_mode=none, lora_r=8, lr=1e-05, epochs=10, batch_size=16
2026-03-10 07:04:17 | [Test] Params: trainable=125,031,938, total=125,031,938
2026-03-10 07:07:11 | [Test] Dev — acc: 0.895, f1: 0.888, loss: 0.527
2026-03-10 07:10:00 | [Test] Predictions saved to predictions/para-dev-gpt2-10-1e-05-nopaws-cptinit.csv and predictions/para-test-gpt2-10-1e-05-nopaws-cptinit.csv
